  BpmnWorkflow.Domain -> C:\Users\user\Desktop\New folder\BPMN Workflow Designer\Server\BpmnWorkflow.Domain\bin\Debug\net10.0\BpmnWorkflow.Domain.dll
  BpmnWorkflow.Client -> C:\Users\user\Desktop\New folder\BPMN Workflow Designer\Client\BpmnWorkflow.Client\bin\Debug\net10.0\BpmnWorkflow.Client.dll
  BpmnWorkflow.Client (Blazor output) -> C:\Users\user\Desktop\New folder\BPMN Workflow Designer\Client\BpmnWorkflow.Client\bin\Debug\net10.0\wwwroot
  BpmnWorkflow.Application -> C:\Users\user\Desktop\New folder\BPMN Workflow Designer\Server\BpmnWorkflow.Application\bin\Debug\net10.0\BpmnWorkflow.Application.dll
  BpmnWorkflow.Infrastructure -> C:\Users\user\Desktop\New folder\BPMN Workflow Designer\Server\BpmnWorkflow.Infrastructure\bin\Debug\net10.0\BpmnWorkflow.Infrastructure.dll
C:\Program Files\dotnet\sdk\10.0.101\Microsoft.Common.CurrentVersion.targets(5080,5): warning MSB3026: Could not copy "C:\Users\user\Desktop\New folder\BPMN Workflow Designer\Server\BpmnWorkflow.Infrastructure\bin\Debug\net10.0\BpmnWorkflow.Infrastructure.dll" to "bin\Debug\net10.0\BpmnWorkflow.Infrastructure.dll". Beginning retry 1 in 1000ms. The process cannot access the file 'C:\Users\user\Desktop\New folder\BPMN Workflow Designer\Server\BpmnWorkflow.API\bin\Debug\net10.0\BpmnWorkflow.Infrastructure.dll' because it is being used by another process. The file is locked by: "BpmnWorkflow.API (132264)" [C:\Users\user\Desktop\New folder\BPMN Workflow Designer\Server\BpmnWorkflow.API\BpmnWorkflow.API.csproj]
C:\Program Files\dotnet\sdk\10.0.101\Microsoft.Common.CurrentVersion.targets(5080,5): warning MSB3026: Could not copy "C:\Users\user\Desktop\New folder\BPMN Workflow Designer\Server\BpmnWorkflow.Application\bin\Debug\net10.0\BpmnWorkflow.Application.dll" to "bin\Debug\net10.0\BpmnWorkflow.Application.dll". Beginning retry 1 in 1000ms. The process cannot access the file 'C:\Users\user\Desktop\New folder\BPMN Workflow Designer\Server\BpmnWorkflow.API\bin\Debug\net10.0\BpmnWorkflow.Application.dll' because it is being used by another process. The file is locked by: "BpmnWorkflow.API (132264)" [C:\Users\user\Desktop\New folder\BPMN Workflow Designer\Server\BpmnWorkflow.API\BpmnWorkflow.API.csproj]
C:\Program Files\dotnet\sdk\10.0.101\Microsoft.Common.CurrentVersion.targets(5080,5): warning MSB3026: Could not copy "C:\Users\user\Desktop\New folder\BPMN Workflow Designer\Client\BpmnWorkflow.Client\bin\Debug\net10.0\BpmnWorkflow.Client.dll" to "bin\Debug\net10.0\BpmnWorkflow.Client.dll". Beginning retry 1 in 1000ms. The process cannot access the file 'C:\Users\user\Desktop\New folder\BPMN Workflow Designer\Server\BpmnWorkflow.API\bin\Debug\net10.0\BpmnWorkflow.Client.dll' because it is being used by another process. The file is locked by: "BpmnWorkflow.API (132264)" [C:\Users\user\Desktop\New folder\BPMN Workflow Designer\Server\BpmnWorkflow.API\BpmnWorkflow.API.csproj]
C:\Program Files\dotnet\sdk\10.0.101\Microsoft.Common.CurrentVersion.targets(5080,5): warning MSB3026: Could not copy "C:\Users\user\Desktop\New folder\BPMN Workflow Designer\Server\BpmnWorkflow.Infrastructure\bin\Debug\net10.0\BpmnWorkflow.Infrastructure.dll" to "bin\Debug\net10.0\BpmnWorkflow.Infrastructure.dll". Beginning retry 2 in 1000ms. The process cannot access the file 'C:\Users\user\Desktop\New folder\BPMN Workflow Designer\Server\BpmnWorkflow.API\bin\Debug\net10.0\BpmnWorkflow.Infrastructure.dll' because it is being used by another process. The file is locked by: "BpmnWorkflow.API (132264)" [C:\Users\user\Desktop\New folder\BPMN Workflow Designer\Server\BpmnWorkflow.API\BpmnWorkflow.API.csproj]
C:\Program Files\dotnet\sdk\10.0.101\Microsoft.Common.CurrentVersion.targets(5080,5): warning MSB3026: Could not copy "C:\Users\user\Desktop\New folder\BPMN Workflow Designer\Client\BpmnWorkflow.Client\bin\Debug\net10.0\BpmnWorkflow.Client.dll" to "bin\Debug\net10.0\BpmnWorkflow.Client.dll". Beginning retry 2 in 1000ms. The process cannot access the file 'C:\Users\user\Desktop\New folder\BPMN Workflow Designer\Server\BpmnWorkflow.API\bin\Debug\net10.0\BpmnWorkflow.Client.dll' because it is being used by another process. The file is locked by: "BpmnWorkflow.API (132264)" [C:\Users\user\Desktop\New folder\BPMN Workflow Designer\Server\BpmnWorkflow.API\BpmnWorkflow.API.csproj]
C:\Program Files\dotnet\sdk\10.0.101\Microsoft.Common.CurrentVersion.targets(5080,5): warning MSB3026: Could not copy "C:\Users\user\Desktop\New folder\BPMN Workflow Designer\Server\BpmnWorkflow.Application\bin\Debug\net10.0\BpmnWorkflow.Application.dll" to "bin\Debug\net10.0\BpmnWorkflow.Application.dll". Beginning retry 2 in 1000ms. The process cannot access the file 'C:\Users\user\Desktop\New folder\BPMN Workflow Designer\Server\BpmnWorkflow.API\bin\Debug\net10.0\BpmnWorkflow.Application.dll' because it is being used by another process. The file is locked by: "BpmnWorkflow.API (132264)" [C:\Users\user\Desktop\New folder\BPMN Workflow Designer\Server\BpmnWorkflow.API\BpmnWorkflow.API.csproj]
C:\Program Files\dotnet\sdk\10.0.101\Microsoft.Common.CurrentVersion.targets(5080,5): warning MSB3026: Could not copy "C:\Users\user\Desktop\New folder\BPMN Workflow Designer\Server\BpmnWorkflow.Infrastructure\bin\Debug\net10.0\BpmnWorkflow.Infrastructure.dll" to "bin\Debug\net10.0\BpmnWorkflow.Infrastructure.dll". Beginning retry 3 in 1000ms. The process cannot access the file 'C:\Users\user\Desktop\New folder\BPMN Workflow Designer\Server\BpmnWorkflow.API\bin\Debug\net10.0\BpmnWorkflow.Infrastructure.dll' because it is being used by another process. The file is locked by: "BpmnWorkflow.API (132264)" [C:\Users\user\Desktop\New folder\BPMN Workflow Designer\Server\BpmnWorkflow.API\BpmnWorkflow.API.csproj]
C:\Program Files\dotnet\sdk\10.0.101\Microsoft.Common.CurrentVersion.targets(5080,5): warning MSB3026: Could not copy "C:\Users\user\Desktop\New folder\BPMN Workflow Designer\Client\BpmnWorkflow.Client\bin\Debug\net10.0\BpmnWorkflow.Client.dll" to "bin\Debug\net10.0\BpmnWorkflow.Client.dll". Beginning retry 3 in 1000ms. The process cannot access the file 'C:\Users\user\Desktop\New folder\BPMN Workflow Designer\Server\BpmnWorkflow.API\bin\Debug\net10.0\BpmnWorkflow.Client.dll' because it is being used by another process. The file is locked by: "BpmnWorkflow.API (132264)" [C:\Users\user\Desktop\New folder\BPMN Workflow Designer\Server\BpmnWorkflow.API\BpmnWorkflow.API.csproj]
C:\Program Files\dotnet\sdk\10.0.101\Microsoft.Common.CurrentVersion.targets(5080,5): warning MSB3026: Could not copy "C:\Users\user\Desktop\New folder\BPMN Workflow Designer\Server\BpmnWorkflow.Application\bin\Debug\net10.0\BpmnWorkflow.Application.dll" to "bin\Debug\net10.0\BpmnWorkflow.Application.dll". Beginning retry 3 in 1000ms. The process cannot access the file 'C:\Users\user\Desktop\New folder\BPMN Workflow Designer\Server\BpmnWorkflow.API\bin\Debug\net10.0\BpmnWorkflow.Application.dll' because it is being used by another process. The file is locked by: "BpmnWorkflow.API (132264)" [C:\Users\user\Desktop\New folder\BPMN Workflow Designer\Server\BpmnWorkflow.API\BpmnWorkflow.API.csproj]
C:\Program Files\dotnet\sdk\10.0.101\Microsoft.Common.CurrentVersion.targets(5080,5): warning MSB3026: Could not copy "C:\Users\user\Desktop\New folder\BPMN Workflow Designer\Server\BpmnWorkflow.Infrastructure\bin\Debug\net10.0\BpmnWorkflow.Infrastructure.dll" to "bin\Debug\net10.0\BpmnWorkflow.Infrastructure.dll". Beginning retry 4 in 1000ms. The process cannot access the file 'C:\Users\user\Desktop\New folder\BPMN Workflow Designer\Server\BpmnWorkflow.API\bin\Debug\net10.0\BpmnWorkflow.Infrastructure.dll' because it is being used by another process. The file is locked by: "BpmnWorkflow.API (132264)" [C:\Users\user\Desktop\New folder\BPMN Workflow Designer\Server\BpmnWorkflow.API\BpmnWorkflow.API.csproj]
C:\Program Files\dotnet\sdk\10.0.101\Microsoft.Common.CurrentVersion.targets(5080,5): warning MSB3026: Could not copy "C:\Users\user\Desktop\New folder\BPMN Workflow Designer\Client\BpmnWorkflow.Client\bin\Debug\net10.0\BpmnWorkflow.Client.dll" to "bin\Debug\net10.0\BpmnWorkflow.Client.dll". Beginning retry 4 in 1000ms. The process cannot access the file 'C:\Users\user\Desktop\New folder\BPMN Workflow Designer\Server\BpmnWorkflow.API\bin\Debug\net10.0\BpmnWorkflow.Client.dll' because it is being used by another process. The file is locked by: "BpmnWorkflow.API (132264)" [C:\Users\user\Desktop\New folder\BPMN Workflow Designer\Server\BpmnWorkflow.API\BpmnWorkflow.API.csproj]
C:\Program Files\dotnet\sdk\10.0.101\Microsoft.Common.CurrentVersion.targets(5080,5): warning MSB3026: Could not copy "C:\Users\user\Desktop\New folder\BPMN Workflow Designer\Server\BpmnWorkflow.Application\bin\Debug\net10.0\BpmnWorkflow.Application.dll" to "bin\Debug\net10.0\BpmnWorkflow.Application.dll". Beginning retry 4 in 1000ms. The process cannot access the file 'C:\Users\user\Desktop\New folder\BPMN Workflow Designer\Server\BpmnWorkflow.API\bin\Debug\net10.0\BpmnWorkflow.Application.dll' because it is being used by another process. The file is locked by: "BpmnWorkflow.API (132264)" [C:\Users\user\Desktop\New folder\BPMN Workflow Designer\Server\BpmnWorkflow.API\BpmnWorkflow.API.csproj]
C:\Program Files\dotnet\sdk\10.0.101\Microsoft.Common.CurrentVersion.targets(5080,5): warning MSB3026: Could not copy "C:\Users\user\Desktop\New folder\BPMN Workflow Designer\Server\BpmnWorkflow.Infrastructure\bin\Debug\net10.0\BpmnWorkflow.Infrastructure.dll" to "bin\Debug\net10.0\BpmnWorkflow.Infrastructure.dll". Beginning retry 5 in 1000ms. The process cannot access the file 'C:\Users\user\Desktop\New folder\BPMN Workflow Designer\Server\BpmnWorkflow.API\bin\Debug\net10.0\BpmnWorkflow.Infrastructure.dll' because it is being used by another process. The file is locked by: "BpmnWorkflow.API (132264)" [C:\Users\user\Desktop\New folder\BPMN Workflow Designer\Server\BpmnWorkflow.API\BpmnWorkflow.API.csproj]
C:\Program Files\dotnet\sdk\10.0.101\Microsoft.Common.CurrentVersion.targets(5080,5): warning MSB3026: Could not copy "C:\Users\user\Desktop\New folder\BPMN Workflow Designer\Client\BpmnWorkflow.Client\bin\Debug\net10.0\BpmnWorkflow.Client.dll" to "bin\Debug\net10.0\BpmnWorkflow.Client.dll". Beginning retry 5 in 1000ms. The process cannot access the file 'C:\Users\user\Desktop\New folder\BPMN Workflow Designer\Server\BpmnWorkflow.API\bin\Debug\net10.0\BpmnWorkflow.Client.dll' because it is being used by another process. The file is locked by: "BpmnWorkflow.API (132264)" [C:\Users\user\Desktop\New folder\BPMN Workflow Designer\Server\BpmnWorkflow.API\BpmnWorkflow.API.csproj]
C:\Program Files\dotnet\sdk\10.0.101\Microsoft.Common.CurrentVersion.targets(5080,5): warning MSB3026: Could not copy "C:\Users\user\Desktop\New folder\BPMN Workflow Designer\Server\BpmnWorkflow.Application\bin\Debug\net10.0\BpmnWorkflow.Application.dll" to "bin\Debug\net10.0\BpmnWorkflow.Application.dll". Beginning retry 5 in 1000ms. The process cannot access the file 'C:\Users\user\Desktop\New folder\BPMN Workflow Designer\Server\BpmnWorkflow.API\bin\Debug\net10.0\BpmnWorkflow.Application.dll' because it is being used by another process. The file is locked by: "BpmnWorkflow.API (132264)" [C:\Users\user\Desktop\New folder\BPMN Workflow Designer\Server\BpmnWorkflow.API\BpmnWorkflow.API.csproj]
C:\Program Files\dotnet\sdk\10.0.101\Microsoft.Common.CurrentVersion.targets(5080,5): warning MSB3026: Could not copy "C:\Users\user\Desktop\New folder\BPMN Workflow Designer\Server\BpmnWorkflow.Infrastructure\bin\Debug\net10.0\BpmnWorkflow.Infrastructure.dll" to "bin\Debug\net10.0\BpmnWorkflow.Infrastructure.dll". Beginning retry 6 in 1000ms. The process cannot access the file 'C:\Users\user\Desktop\New folder\BPMN Workflow Designer\Server\BpmnWorkflow.API\bin\Debug\net10.0\BpmnWorkflow.Infrastructure.dll' because it is being used by another process. The file is locked by: "BpmnWorkflow.API (132264)" [C:\Users\user\Desktop\New folder\BPMN Workflow Designer\Server\BpmnWorkflow.API\BpmnWorkflow.API.csproj]
C:\Program Files\dotnet\sdk\10.0.101\Microsoft.Common.CurrentVersion.targets(5080,5): warning MSB3026: Could not copy "C:\Users\user\Desktop\New folder\BPMN Workflow Designer\Client\BpmnWorkflow.Client\bin\Debug\net10.0\BpmnWorkflow.Client.dll" to "bin\Debug\net10.0\BpmnWorkflow.Client.dll". Beginning retry 6 in 1000ms. The process cannot access the file 'C:\Users\user\Desktop\New folder\BPMN Workflow Designer\Server\BpmnWorkflow.API\bin\Debug\net10.0\BpmnWorkflow.Client.dll' because it is being used by another process. The file is locked by: "BpmnWorkflow.API (132264)" [C:\Users\user\Desktop\New folder\BPMN Workflow Designer\Server\BpmnWorkflow.API\BpmnWorkflow.API.csproj]
C:\Program Files\dotnet\sdk\10.0.101\Microsoft.Common.CurrentVersion.targets(5080,5): warning MSB3026: Could not copy "C:\Users\user\Desktop\New folder\BPMN Workflow Designer\Server\BpmnWorkflow.Application\bin\Debug\net10.0\BpmnWorkflow.Application.dll" to "bin\Debug\net10.0\BpmnWorkflow.Application.dll". Beginning retry 6 in 1000ms. The process cannot access the file 'C:\Users\user\Desktop\New folder\BPMN Workflow Designer\Server\BpmnWorkflow.API\bin\Debug\net10.0\BpmnWorkflow.Application.dll' because it is being used by another process. The file is locked by: "BpmnWorkflow.API (132264)" [C:\Users\user\Desktop\New folder\BPMN Workflow Designer\Server\BpmnWorkflow.API\BpmnWorkflow.API.csproj]
C:\Program Files\dotnet\sdk\10.0.101\Microsoft.Common.CurrentVersion.targets(5080,5): warning MSB3026: Could not copy "C:\Users\user\Desktop\New folder\BPMN Workflow Designer\Server\BpmnWorkflow.Infrastructure\bin\Debug\net10.0\BpmnWorkflow.Infrastructure.dll" to "bin\Debug\net10.0\BpmnWorkflow.Infrastructure.dll". Beginning retry 7 in 1000ms. The process cannot access the file 'C:\Users\user\Desktop\New folder\BPMN Workflow Designer\Server\BpmnWorkflow.API\bin\Debug\net10.0\BpmnWorkflow.Infrastructure.dll' because it is being used by another process. The file is locked by: "BpmnWorkflow.API (132264)" [C:\Users\user\Desktop\New folder\BPMN Workflow Designer\Server\BpmnWorkflow.API\BpmnWorkflow.API.csproj]
C:\Program Files\dotnet\sdk\10.0.101\Microsoft.Common.CurrentVersion.targets(5080,5): warning MSB3026: Could not copy "C:\Users\user\Desktop\New folder\BPMN Workflow Designer\Client\BpmnWorkflow.Client\bin\Debug\net10.0\BpmnWorkflow.Client.dll" to "bin\Debug\net10.0\BpmnWorkflow.Client.dll". Beginning retry 7 in 1000ms. The process cannot access the file 'C:\Users\user\Desktop\New folder\BPMN Workflow Designer\Server\BpmnWorkflow.API\bin\Debug\net10.0\BpmnWorkflow.Client.dll' because it is being used by another process. The file is locked by: "BpmnWorkflow.API (132264)" [C:\Users\user\Desktop\New folder\BPMN Workflow Designer\Server\BpmnWorkflow.API\BpmnWorkflow.API.csproj]
C:\Program Files\dotnet\sdk\10.0.101\Microsoft.Common.CurrentVersion.targets(5080,5): warning MSB3026: Could not copy "C:\Users\user\Desktop\New folder\BPMN Workflow Designer\Server\BpmnWorkflow.Application\bin\Debug\net10.0\BpmnWorkflow.Application.dll" to "bin\Debug\net10.0\BpmnWorkflow.Application.dll". Beginning retry 7 in 1000ms. The process cannot access the file 'C:\Users\user\Desktop\New folder\BPMN Workflow Designer\Server\BpmnWorkflow.API\bin\Debug\net10.0\BpmnWorkflow.Application.dll' because it is being used by another process. The file is locked by: "BpmnWorkflow.API (132264)" [C:\Users\user\Desktop\New folder\BPMN Workflow Designer\Server\BpmnWorkflow.API\BpmnWorkflow.API.csproj]
C:\Program Files\dotnet\sdk\10.0.101\Microsoft.Common.CurrentVersion.targets(5080,5): warning MSB3026: Could not copy "C:\Users\user\Desktop\New folder\BPMN Workflow Designer\Server\BpmnWorkflow.Infrastructure\bin\Debug\net10.0\BpmnWorkflow.Infrastructure.dll" to "bin\Debug\net10.0\BpmnWorkflow.Infrastructure.dll". Beginning retry 8 in 1000ms. The process cannot access the file 'C:\Users\user\Desktop\New folder\BPMN Workflow Designer\Server\BpmnWorkflow.API\bin\Debug\net10.0\BpmnWorkflow.Infrastructure.dll' because it is being used by another process. The file is locked by: "BpmnWorkflow.API (132264)" [C:\Users\user\Desktop\New folder\BPMN Workflow Designer\Server\BpmnWorkflow.API\BpmnWorkflow.API.csproj]
C:\Program Files\dotnet\sdk\10.0.101\Microsoft.Common.CurrentVersion.targets(5080,5): warning MSB3026: Could not copy "C:\Users\user\Desktop\New folder\BPMN Workflow Designer\Client\BpmnWorkflow.Client\bin\Debug\net10.0\BpmnWorkflow.Client.dll" to "bin\Debug\net10.0\BpmnWorkflow.Client.dll". Beginning retry 8 in 1000ms. The process cannot access the file 'C:\Users\user\Desktop\New folder\BPMN Workflow Designer\Server\BpmnWorkflow.API\bin\Debug\net10.0\BpmnWorkflow.Client.dll' because it is being used by another process. The file is locked by: "BpmnWorkflow.API (132264)" [C:\Users\user\Desktop\New folder\BPMN Workflow Designer\Server\BpmnWorkflow.API\BpmnWorkflow.API.csproj]
C:\Program Files\dotnet\sdk\10.0.101\Microsoft.Common.CurrentVersion.targets(5080,5): warning MSB3026: Could not copy "C:\Users\user\Desktop\New folder\BPMN Workflow Designer\Server\BpmnWorkflow.Application\bin\Debug\net10.0\BpmnWorkflow.Application.dll" to "bin\Debug\net10.0\BpmnWorkflow.Application.dll". Beginning retry 8 in 1000ms. The process cannot access the file 'C:\Users\user\Desktop\New folder\BPMN Workflow Designer\Server\BpmnWorkflow.API\bin\Debug\net10.0\BpmnWorkflow.Application.dll' because it is being used by another process. The file is locked by: "BpmnWorkflow.API (132264)" [C:\Users\user\Desktop\New folder\BPMN Workflow Designer\Server\BpmnWorkflow.API\BpmnWorkflow.API.csproj]
C:\Program Files\dotnet\sdk\10.0.101\Microsoft.Common.CurrentVersion.targets(5080,5): warning MSB3026: Could not copy "C:\Users\user\Desktop\New folder\BPMN Workflow Designer\Server\BpmnWorkflow.Infrastructure\bin\Debug\net10.0\BpmnWorkflow.Infrastructure.dll" to "bin\Debug\net10.0\BpmnWorkflow.Infrastructure.dll". Beginning retry 9 in 1000ms. The process cannot access the file 'C:\Users\user\Desktop\New folder\BPMN Workflow Designer\Server\BpmnWorkflow.API\bin\Debug\net10.0\BpmnWorkflow.Infrastructure.dll' because it is being used by another process. The file is locked by: "BpmnWorkflow.API (132264)" [C:\Users\user\Desktop\New folder\BPMN Workflow Designer\Server\BpmnWorkflow.API\BpmnWorkflow.API.csproj]
C:\Program Files\dotnet\sdk\10.0.101\Microsoft.Common.CurrentVersion.targets(5080,5): warning MSB3026: Could not copy "C:\Users\user\Desktop\New folder\BPMN Workflow Designer\Client\BpmnWorkflow.Client\bin\Debug\net10.0\BpmnWorkflow.Client.dll" to "bin\Debug\net10.0\BpmnWorkflow.Client.dll". Beginning retry 9 in 1000ms. The process cannot access the file 'C:\Users\user\Desktop\New folder\BPMN Workflow Designer\Server\BpmnWorkflow.API\bin\Debug\net10.0\BpmnWorkflow.Client.dll' because it is being used by another process. The file is locked by: "BpmnWorkflow.API (132264)" [C:\Users\user\Desktop\New folder\BPMN Workflow Designer\Server\BpmnWorkflow.API\BpmnWorkflow.API.csproj]
C:\Program Files\dotnet\sdk\10.0.101\Microsoft.Common.CurrentVersion.targets(5080,5): warning MSB3026: Could not copy "C:\Users\user\Desktop\New folder\BPMN Workflow Designer\Server\BpmnWorkflow.Application\bin\Debug\net10.0\BpmnWorkflow.Application.dll" to "bin\Debug\net10.0\BpmnWorkflow.Application.dll". Beginning retry 9 in 1000ms. The process cannot access the file 'C:\Users\user\Desktop\New folder\BPMN Workflow Designer\Server\BpmnWorkflow.API\bin\Debug\net10.0\BpmnWorkflow.Application.dll' because it is being used by another process. The file is locked by: "BpmnWorkflow.API (132264)" [C:\Users\user\Desktop\New folder\BPMN Workflow Designer\Server\BpmnWorkflow.API\BpmnWorkflow.API.csproj]
C:\Program Files\dotnet\sdk\10.0.101\Microsoft.Common.CurrentVersion.targets(5080,5): warning MSB3026: Could not copy "C:\Users\user\Desktop\New folder\BPMN Workflow Designer\Server\BpmnWorkflow.Infrastructure\bin\Debug\net10.0\BpmnWorkflow.Infrastructure.dll" to "bin\Debug\net10.0\BpmnWorkflow.Infrastructure.dll". Beginning retry 10 in 1000ms. The process cannot access the file 'C:\Users\user\Desktop\New folder\BPMN Workflow Designer\Server\BpmnWorkflow.API\bin\Debug\net10.0\BpmnWorkflow.Infrastructure.dll' because it is being used by another process. The file is locked by: "BpmnWorkflow.API (132264)" [C:\Users\user\Desktop\New folder\BPMN Workflow Designer\Server\BpmnWorkflow.API\BpmnWorkflow.API.csproj]
C:\Program Files\dotnet\sdk\10.0.101\Microsoft.Common.CurrentVersion.targets(5080,5): warning MSB3026: Could not copy "C:\Users\user\Desktop\New folder\BPMN Workflow Designer\Client\BpmnWorkflow.Client\bin\Debug\net10.0\BpmnWorkflow.Client.dll" to "bin\Debug\net10.0\BpmnWorkflow.Client.dll". Beginning retry 10 in 1000ms. The process cannot access the file 'C:\Users\user\Desktop\New folder\BPMN Workflow Designer\Server\BpmnWorkflow.API\bin\Debug\net10.0\BpmnWorkflow.Client.dll' because it is being used by another process. The file is locked by: "BpmnWorkflow.API (132264)" [C:\Users\user\Desktop\New folder\BPMN Workflow Designer\Server\BpmnWorkflow.API\BpmnWorkflow.API.csproj]
C:\Program Files\dotnet\sdk\10.0.101\Microsoft.Common.CurrentVersion.targets(5080,5): warning MSB3026: Could not copy "C:\Users\user\Desktop\New folder\BPMN Workflow Designer\Server\BpmnWorkflow.Application\bin\Debug\net10.0\BpmnWorkflow.Application.dll" to "bin\Debug\net10.0\BpmnWorkflow.Application.dll". Beginning retry 10 in 1000ms. The process cannot access the file 'C:\Users\user\Desktop\New folder\BPMN Workflow Designer\Server\BpmnWorkflow.API\bin\Debug\net10.0\BpmnWorkflow.Application.dll' because it is being used by another process. The file is locked by: "BpmnWorkflow.API (132264)" [C:\Users\user\Desktop\New folder\BPMN Workflow Designer\Server\BpmnWorkflow.API\BpmnWorkflow.API.csproj]
C:\Program Files\dotnet\sdk\10.0.101\Microsoft.Common.CurrentVersion.targets(5080,5): error MSB3027: Could not copy "C:\Users\user\Desktop\New folder\BPMN Workflow Designer\Server\BpmnWorkflow.Infrastructure\bin\Debug\net10.0\BpmnWorkflow.Infrastructure.dll" to "bin\Debug\net10.0\BpmnWorkflow.Infrastructure.dll". Exceeded retry count of 10. Failed. The file is locked by: "BpmnWorkflow.API (132264)" [C:\Users\user\Desktop\New folder\BPMN Workflow Designer\Server\BpmnWorkflow.API\BpmnWorkflow.API.csproj]
C:\Program Files\dotnet\sdk\10.0.101\Microsoft.Common.CurrentVersion.targets(5080,5): error MSB3021: Unable to copy file "C:\Users\user\Desktop\New folder\BPMN Workflow Designer\Server\BpmnWorkflow.Infrastructure\bin\Debug\net10.0\BpmnWorkflow.Infrastructure.dll" to "bin\Debug\net10.0\BpmnWorkflow.Infrastructure.dll". The process cannot access the file 'C:\Users\user\Desktop\New folder\BPMN Workflow Designer\Server\BpmnWorkflow.API\bin\Debug\net10.0\BpmnWorkflow.Infrastructure.dll' because it is being used by another process. [C:\Users\user\Desktop\New folder\BPMN Workflow Designer\Server\BpmnWorkflow.API\BpmnWorkflow.API.csproj]
C:\Program Files\dotnet\sdk\10.0.101\Microsoft.Common.CurrentVersion.targets(5080,5): error MSB3027: Could not copy "C:\Users\user\Desktop\New folder\BPMN Workflow Designer\Client\BpmnWorkflow.Client\bin\Debug\net10.0\BpmnWorkflow.Client.dll" to "bin\Debug\net10.0\BpmnWorkflow.Client.dll". Exceeded retry count of 10. Failed. The file is locked by: "BpmnWorkflow.API (132264)" [C:\Users\user\Desktop\New folder\BPMN Workflow Designer\Server\BpmnWorkflow.API\BpmnWorkflow.API.csproj]
C:\Program Files\dotnet\sdk\10.0.101\Microsoft.Common.CurrentVersion.targets(5080,5): error MSB3021: Unable to copy file "C:\Users\user\Desktop\New folder\BPMN Workflow Designer\Client\BpmnWorkflow.Client\bin\Debug\net10.0\BpmnWorkflow.Client.dll" to "bin\Debug\net10.0\BpmnWorkflow.Client.dll". The process cannot access the file 'C:\Users\user\Desktop\New folder\BPMN Workflow Designer\Server\BpmnWorkflow.API\bin\Debug\net10.0\BpmnWorkflow.Client.dll' because it is being used by another process. [C:\Users\user\Desktop\New folder\BPMN Workflow Designer\Server\BpmnWorkflow.API\BpmnWorkflow.API.csproj]
C:\Program Files\dotnet\sdk\10.0.101\Microsoft.Common.CurrentVersion.targets(5080,5): error MSB3027: Could not copy "C:\Users\user\Desktop\New folder\BPMN Workflow Designer\Server\BpmnWorkflow.Application\bin\Debug\net10.0\BpmnWorkflow.Application.dll" to "bin\Debug\net10.0\BpmnWorkflow.Application.dll". Exceeded retry count of 10. Failed. The file is locked by: "BpmnWorkflow.API (132264)" [C:\Users\user\Desktop\New folder\BPMN Workflow Designer\Server\BpmnWorkflow.API\BpmnWorkflow.API.csproj]
C:\Program Files\dotnet\sdk\10.0.101\Microsoft.Common.CurrentVersion.targets(5080,5): error MSB3021: Unable to copy file "C:\Users\user\Desktop\New folder\BPMN Workflow Designer\Server\BpmnWorkflow.Application\bin\Debug\net10.0\BpmnWorkflow.Application.dll" to "bin\Debug\net10.0\BpmnWorkflow.Application.dll". The process cannot access the file 'C:\Users\user\Desktop\New folder\BPMN Workflow Designer\Server\BpmnWorkflow.API\bin\Debug\net10.0\BpmnWorkflow.Application.dll' because it is being used by another process. [C:\Users\user\Desktop\New folder\BPMN Workflow Designer\Server\BpmnWorkflow.API\BpmnWorkflow.API.csproj]

Build FAILED.

C:\Program Files\dotnet\sdk\10.0.101\Microsoft.Common.CurrentVersion.targets(5080,5): warning MSB3026: Could not copy "C:\Users\user\Desktop\New folder\BPMN Workflow Designer\Server\BpmnWorkflow.Infrastructure\bin\Debug\net10.0\BpmnWorkflow.Infrastructure.dll" to "bin\Debug\net10.0\BpmnWorkflow.Infrastructure.dll". Beginning retry 1 in 1000ms. The process cannot access the file 'C:\Users\user\Desktop\New folder\BPMN Workflow Designer\Server\BpmnWorkflow.API\bin\Debug\net10.0\BpmnWorkflow.Infrastructure.dll' because it is being used by another process. The file is locked by: "BpmnWorkflow.API (132264)" [C:\Users\user\Desktop\New folder\BPMN Workflow Designer\Server\BpmnWorkflow.API\BpmnWorkflow.API.csproj]
C:\Program Files\dotnet\sdk\10.0.101\Microsoft.Common.CurrentVersion.targets(5080,5): warning MSB3026: Could not copy "C:\Users\user\Desktop\New folder\BPMN Workflow Designer\Server\BpmnWorkflow.Application\bin\Debug\net10.0\BpmnWorkflow.Application.dll" to "bin\Debug\net10.0\BpmnWorkflow.Application.dll". Beginning retry 1 in 1000ms. The process cannot access the file 'C:\Users\user\Desktop\New folder\BPMN Workflow Designer\Server\BpmnWorkflow.API\bin\Debug\net10.0\BpmnWorkflow.Application.dll' because it is being used by another process. The file is locked by: "BpmnWorkflow.API (132264)" [C:\Users\user\Desktop\New folder\BPMN Workflow Designer\Server\BpmnWorkflow.API\BpmnWorkflow.API.csproj]
C:\Program Files\dotnet\sdk\10.0.101\Microsoft.Common.CurrentVersion.targets(5080,5): warning MSB3026: Could not copy "C:\Users\user\Desktop\New folder\BPMN Workflow Designer\Client\BpmnWorkflow.Client\bin\Debug\net10.0\BpmnWorkflow.Client.dll" to "bin\Debug\net10.0\BpmnWorkflow.Client.dll". Beginning retry 1 in 1000ms. The process cannot access the file 'C:\Users\user\Desktop\New folder\BPMN Workflow Designer\Server\BpmnWorkflow.API\bin\Debug\net10.0\BpmnWorkflow.Client.dll' because it is being used by another process. The file is locked by: "BpmnWorkflow.API (132264)" [C:\Users\user\Desktop\New folder\BPMN Workflow Designer\Server\BpmnWorkflow.API\BpmnWorkflow.API.csproj]
C:\Program Files\dotnet\sdk\10.0.101\Microsoft.Common.CurrentVersion.targets(5080,5): warning MSB3026: Could not copy "C:\Users\user\Desktop\New folder\BPMN Workflow Designer\Server\BpmnWorkflow.Infrastructure\bin\Debug\net10.0\BpmnWorkflow.Infrastructure.dll" to "bin\Debug\net10.0\BpmnWorkflow.Infrastructure.dll". Beginning retry 2 in 1000ms. The process cannot access the file 'C:\Users\user\Desktop\New folder\BPMN Workflow Designer\Server\BpmnWorkflow.API\bin\Debug\net10.0\BpmnWorkflow.Infrastructure.dll' because it is being used by another process. The file is locked by: "BpmnWorkflow.API (132264)" [C:\Users\user\Desktop\New folder\BPMN Workflow Designer\Server\BpmnWorkflow.API\BpmnWorkflow.API.csproj]
C:\Program Files\dotnet\sdk\10.0.101\Microsoft.Common.CurrentVersion.targets(5080,5): warning MSB3026: Could not copy "C:\Users\user\Desktop\New folder\BPMN Workflow Designer\Client\BpmnWorkflow.Client\bin\Debug\net10.0\BpmnWorkflow.Client.dll" to "bin\Debug\net10.0\BpmnWorkflow.Client.dll". Beginning retry 2 in 1000ms. The process cannot access the file 'C:\Users\user\Desktop\New folder\BPMN Workflow Designer\Server\BpmnWorkflow.API\bin\Debug\net10.0\BpmnWorkflow.Client.dll' because it is being used by another process. The file is locked by: "BpmnWorkflow.API (132264)" [C:\Users\user\Desktop\New folder\BPMN Workflow Designer\Server\BpmnWorkflow.API\BpmnWorkflow.API.csproj]
C:\Program Files\dotnet\sdk\10.0.101\Microsoft.Common.CurrentVersion.targets(5080,5): warning MSB3026: Could not copy "C:\Users\user\Desktop\New folder\BPMN Workflow Designer\Server\BpmnWorkflow.Application\bin\Debug\net10.0\BpmnWorkflow.Application.dll" to "bin\Debug\net10.0\BpmnWorkflow.Application.dll". Beginning retry 2 in 1000ms. The process cannot access the file 'C:\Users\user\Desktop\New folder\BPMN Workflow Designer\Server\BpmnWorkflow.API\bin\Debug\net10.0\BpmnWorkflow.Application.dll' because it is being used by another process. The file is locked by: "BpmnWorkflow.API (132264)" [C:\Users\user\Desktop\New folder\BPMN Workflow Designer\Server\BpmnWorkflow.API\BpmnWorkflow.API.csproj]
C:\Program Files\dotnet\sdk\10.0.101\Microsoft.Common.CurrentVersion.targets(5080,5): warning MSB3026: Could not copy "C:\Users\user\Desktop\New folder\BPMN Workflow Designer\Server\BpmnWorkflow.Infrastructure\bin\Debug\net10.0\BpmnWorkflow.Infrastructure.dll" to "bin\Debug\net10.0\BpmnWorkflow.Infrastructure.dll". Beginning retry 3 in 1000ms. The process cannot access the file 'C:\Users\user\Desktop\New folder\BPMN Workflow Designer\Server\BpmnWorkflow.API\bin\Debug\net10.0\BpmnWorkflow.Infrastructure.dll' because it is being used by another process. The file is locked by: "BpmnWorkflow.API (132264)" [C:\Users\user\Desktop\New folder\BPMN Workflow Designer\Server\BpmnWorkflow.API\BpmnWorkflow.API.csproj]
C:\Program Files\dotnet\sdk\10.0.101\Microsoft.Common.CurrentVersion.targets(5080,5): warning MSB3026: Could not copy "C:\Users\user\Desktop\New folder\BPMN Workflow Designer\Client\BpmnWorkflow.Client\bin\Debug\net10.0\BpmnWorkflow.Client.dll" to "bin\Debug\net10.0\BpmnWorkflow.Client.dll". Beginning retry 3 in 1000ms. The process cannot access the file 'C:\Users\user\Desktop\New folder\BPMN Workflow Designer\Server\BpmnWorkflow.API\bin\Debug\net10.0\BpmnWorkflow.Client.dll' because it is being used by another process. The file is locked by: "BpmnWorkflow.API (132264)" [C:\Users\user\Desktop\New folder\BPMN Workflow Designer\Server\BpmnWorkflow.API\BpmnWorkflow.API.csproj]
C:\Program Files\dotnet\sdk\10.0.101\Microsoft.Common.CurrentVersion.targets(5080,5): warning MSB3026: Could not copy "C:\Users\user\Desktop\New folder\BPMN Workflow Designer\Server\BpmnWorkflow.Application\bin\Debug\net10.0\BpmnWorkflow.Application.dll" to "bin\Debug\net10.0\BpmnWorkflow.Application.dll". Beginning retry 3 in 1000ms. The process cannot access the file 'C:\Users\user\Desktop\New folder\BPMN Workflow Designer\Server\BpmnWorkflow.API\bin\Debug\net10.0\BpmnWorkflow.Application.dll' because it is being used by another process. The file is locked by: "BpmnWorkflow.API (132264)" [C:\Users\user\Desktop\New folder\BPMN Workflow Designer\Server\BpmnWorkflow.API\BpmnWorkflow.API.csproj]
C:\Program Files\dotnet\sdk\10.0.101\Microsoft.Common.CurrentVersion.targets(5080,5): warning MSB3026: Could not copy "C:\Users\user\Desktop\New folder\BPMN Workflow Designer\Server\BpmnWorkflow.Infrastructure\bin\Debug\net10.0\BpmnWorkflow.Infrastructure.dll" to "bin\Debug\net10.0\BpmnWorkflow.Infrastructure.dll". Beginning retry 4 in 1000ms. The process cannot access the file 'C:\Users\user\Desktop\New folder\BPMN Workflow Designer\Server\BpmnWorkflow.API\bin\Debug\net10.0\BpmnWorkflow.Infrastructure.dll' because it is being used by another process. The file is locked by: "BpmnWorkflow.API (132264)" [C:\Users\user\Desktop\New folder\BPMN Workflow Designer\Server\BpmnWorkflow.API\BpmnWorkflow.API.csproj]
C:\Program Files\dotnet\sdk\10.0.101\Microsoft.Common.CurrentVersion.targets(5080,5): warning MSB3026: Could not copy "C:\Users\user\Desktop\New folder\BPMN Workflow Designer\Client\BpmnWorkflow.Client\bin\Debug\net10.0\BpmnWorkflow.Client.dll" to "bin\Debug\net10.0\BpmnWorkflow.Client.dll". Beginning retry 4 in 1000ms. The process cannot access the file 'C:\Users\user\Desktop\New folder\BPMN Workflow Designer\Server\BpmnWorkflow.API\bin\Debug\net10.0\BpmnWorkflow.Client.dll' because it is being used by another process. The file is locked by: "BpmnWorkflow.API (132264)" [C:\Users\user\Desktop\New folder\BPMN Workflow Designer\Server\BpmnWorkflow.API\BpmnWorkflow.API.csproj]
C:\Program Files\dotnet\sdk\10.0.101\Microsoft.Common.CurrentVersion.targets(5080,5): warning MSB3026: Could not copy "C:\Users\user\Desktop\New folder\BPMN Workflow Designer\Server\BpmnWorkflow.Application\bin\Debug\net10.0\BpmnWorkflow.Application.dll" to "bin\Debug\net10.0\BpmnWorkflow.Application.dll". Beginning retry 4 in 1000ms. The process cannot access the file 'C:\Users\user\Desktop\New folder\BPMN Workflow Designer\Server\BpmnWorkflow.API\bin\Debug\net10.0\BpmnWorkflow.Application.dll' because it is being used by another process. The file is locked by: "BpmnWorkflow.API (132264)" [C:\Users\user\Desktop\New folder\BPMN Workflow Designer\Server\BpmnWorkflow.API\BpmnWorkflow.API.csproj]
C:\Program Files\dotnet\sdk\10.0.101\Microsoft.Common.CurrentVersion.targets(5080,5): warning MSB3026: Could not copy "C:\Users\user\Desktop\New folder\BPMN Workflow Designer\Server\BpmnWorkflow.Infrastructure\bin\Debug\net10.0\BpmnWorkflow.Infrastructure.dll" to "bin\Debug\net10.0\BpmnWorkflow.Infrastructure.dll". Beginning retry 5 in 1000ms. The process cannot access the file 'C:\Users\user\Desktop\New folder\BPMN Workflow Designer\Server\BpmnWorkflow.API\bin\Debug\net10.0\BpmnWorkflow.Infrastructure.dll' because it is being used by another process. The file is locked by: "BpmnWorkflow.API (132264)" [C:\Users\user\Desktop\New folder\BPMN Workflow Designer\Server\BpmnWorkflow.API\BpmnWorkflow.API.csproj]
C:\Program Files\dotnet\sdk\10.0.101\Microsoft.Common.CurrentVersion.targets(5080,5): warning MSB3026: Could not copy "C:\Users\user\Desktop\New folder\BPMN Workflow Designer\Client\BpmnWorkflow.Client\bin\Debug\net10.0\BpmnWorkflow.Client.dll" to "bin\Debug\net10.0\BpmnWorkflow.Client.dll". Beginning retry 5 in 1000ms. The process cannot access the file 'C:\Users\user\Desktop\New folder\BPMN Workflow Designer\Server\BpmnWorkflow.API\bin\Debug\net10.0\BpmnWorkflow.Client.dll' because it is being used by another process. The file is locked by: "BpmnWorkflow.API (132264)" [C:\Users\user\Desktop\New folder\BPMN Workflow Designer\Server\BpmnWorkflow.API\BpmnWorkflow.API.csproj]
C:\Program Files\dotnet\sdk\10.0.101\Microsoft.Common.CurrentVersion.targets(5080,5): warning MSB3026: Could not copy "C:\Users\user\Desktop\New folder\BPMN Workflow Designer\Server\BpmnWorkflow.Application\bin\Debug\net10.0\BpmnWorkflow.Application.dll" to "bin\Debug\net10.0\BpmnWorkflow.Application.dll". Beginning retry 5 in 1000ms. The process cannot access the file 'C:\Users\user\Desktop\New folder\BPMN Workflow Designer\Server\BpmnWorkflow.API\bin\Debug\net10.0\BpmnWorkflow.Application.dll' because it is being used by another process. The file is locked by: "BpmnWorkflow.API (132264)" [C:\Users\user\Desktop\New folder\BPMN Workflow Designer\Server\BpmnWorkflow.API\BpmnWorkflow.API.csproj]
C:\Program Files\dotnet\sdk\10.0.101\Microsoft.Common.CurrentVersion.targets(5080,5): warning MSB3026: Could not copy "C:\Users\user\Desktop\New folder\BPMN Workflow Designer\Server\BpmnWorkflow.Infrastructure\bin\Debug\net10.0\BpmnWorkflow.Infrastructure.dll" to "bin\Debug\net10.0\BpmnWorkflow.Infrastructure.dll". Beginning retry 6 in 1000ms. The process cannot access the file 'C:\Users\user\Desktop\New folder\BPMN Workflow Designer\Server\BpmnWorkflow.API\bin\Debug\net10.0\BpmnWorkflow.Infrastructure.dll' because it is being used by another process. The file is locked by: "BpmnWorkflow.API (132264)" [C:\Users\user\Desktop\New folder\BPMN Workflow Designer\Server\BpmnWorkflow.API\BpmnWorkflow.API.csproj]
C:\Program Files\dotnet\sdk\10.0.101\Microsoft.Common.CurrentVersion.targets(5080,5): warning MSB3026: Could not copy "C:\Users\user\Desktop\New folder\BPMN Workflow Designer\Client\BpmnWorkflow.Client\bin\Debug\net10.0\BpmnWorkflow.Client.dll" to "bin\Debug\net10.0\BpmnWorkflow.Client.dll". Beginning retry 6 in 1000ms. The process cannot access the file 'C:\Users\user\Desktop\New folder\BPMN Workflow Designer\Server\BpmnWorkflow.API\bin\Debug\net10.0\BpmnWorkflow.Client.dll' because it is being used by another process. The file is locked by: "BpmnWorkflow.API (132264)" [C:\Users\user\Desktop\New folder\BPMN Workflow Designer\Server\BpmnWorkflow.API\BpmnWorkflow.API.csproj]
C:\Program Files\dotnet\sdk\10.0.101\Microsoft.Common.CurrentVersion.targets(5080,5): warning MSB3026: Could not copy "C:\Users\user\Desktop\New folder\BPMN Workflow Designer\Server\BpmnWorkflow.Application\bin\Debug\net10.0\BpmnWorkflow.Application.dll" to "bin\Debug\net10.0\BpmnWorkflow.Application.dll". Beginning retry 6 in 1000ms. The process cannot access the file 'C:\Users\user\Desktop\New folder\BPMN Workflow Designer\Server\BpmnWorkflow.API\bin\Debug\net10.0\BpmnWorkflow.Application.dll' because it is being used by another process. The file is locked by: "BpmnWorkflow.API (132264)" [C:\Users\user\Desktop\New folder\BPMN Workflow Designer\Server\BpmnWorkflow.API\BpmnWorkflow.API.csproj]
C:\Program Files\dotnet\sdk\10.0.101\Microsoft.Common.CurrentVersion.targets(5080,5): warning MSB3026: Could not copy "C:\Users\user\Desktop\New folder\BPMN Workflow Designer\Server\BpmnWorkflow.Infrastructure\bin\Debug\net10.0\BpmnWorkflow.Infrastructure.dll" to "bin\Debug\net10.0\BpmnWorkflow.Infrastructure.dll". Beginning retry 7 in 1000ms. The process cannot access the file 'C:\Users\user\Desktop\New folder\BPMN Workflow Designer\Server\BpmnWorkflow.API\bin\Debug\net10.0\BpmnWorkflow.Infrastructure.dll' because it is being used by another process. The file is locked by: "BpmnWorkflow.API (132264)" [C:\Users\user\Desktop\New folder\BPMN Workflow Designer\Server\BpmnWorkflow.API\BpmnWorkflow.API.csproj]
C:\Program Files\dotnet\sdk\10.0.101\Microsoft.Common.CurrentVersion.targets(5080,5): warning MSB3026: Could not copy "C:\Users\user\Desktop\New folder\BPMN Workflow Designer\Client\BpmnWorkflow.Client\bin\Debug\net10.0\BpmnWorkflow.Client.dll" to "bin\Debug\net10.0\BpmnWorkflow.Client.dll". Beginning retry 7 in 1000ms. The process cannot access the file 'C:\Users\user\Desktop\New folder\BPMN Workflow Designer\Server\BpmnWorkflow.API\bin\Debug\net10.0\BpmnWorkflow.Client.dll' because it is being used by another process. The file is locked by: "BpmnWorkflow.API (132264)" [C:\Users\user\Desktop\New folder\BPMN Workflow Designer\Server\BpmnWorkflow.API\BpmnWorkflow.API.csproj]
C:\Program Files\dotnet\sdk\10.0.101\Microsoft.Common.CurrentVersion.targets(5080,5): warning MSB3026: Could not copy "C:\Users\user\Desktop\New folder\BPMN Workflow Designer\Server\BpmnWorkflow.Application\bin\Debug\net10.0\BpmnWorkflow.Application.dll" to "bin\Debug\net10.0\BpmnWorkflow.Application.dll". Beginning retry 7 in 1000ms. The process cannot access the file 'C:\Users\user\Desktop\New folder\BPMN Workflow Designer\Server\BpmnWorkflow.API\bin\Debug\net10.0\BpmnWorkflow.Application.dll' because it is being used by another process. The file is locked by: "BpmnWorkflow.API (132264)" [C:\Users\user\Desktop\New folder\BPMN Workflow Designer\Server\BpmnWorkflow.API\BpmnWorkflow.API.csproj]
C:\Program Files\dotnet\sdk\10.0.101\Microsoft.Common.CurrentVersion.targets(5080,5): warning MSB3026: Could not copy "C:\Users\user\Desktop\New folder\BPMN Workflow Designer\Server\BpmnWorkflow.Infrastructure\bin\Debug\net10.0\BpmnWorkflow.Infrastructure.dll" to "bin\Debug\net10.0\BpmnWorkflow.Infrastructure.dll". Beginning retry 8 in 1000ms. The process cannot access the file 'C:\Users\user\Desktop\New folder\BPMN Workflow Designer\Server\BpmnWorkflow.API\bin\Debug\net10.0\BpmnWorkflow.Infrastructure.dll' because it is being used by another process. The file is locked by: "BpmnWorkflow.API (132264)" [C:\Users\user\Desktop\New folder\BPMN Workflow Designer\Server\BpmnWorkflow.API\BpmnWorkflow.API.csproj]
C:\Program Files\dotnet\sdk\10.0.101\Microsoft.Common.CurrentVersion.targets(5080,5): warning MSB3026: Could not copy "C:\Users\user\Desktop\New folder\BPMN Workflow Designer\Client\BpmnWorkflow.Client\bin\Debug\net10.0\BpmnWorkflow.Client.dll" to "bin\Debug\net10.0\BpmnWorkflow.Client.dll". Beginning retry 8 in 1000ms. The process cannot access the file 'C:\Users\user\Desktop\New folder\BPMN Workflow Designer\Server\BpmnWorkflow.API\bin\Debug\net10.0\BpmnWorkflow.Client.dll' because it is being used by another process. The file is locked by: "BpmnWorkflow.API (132264)" [C:\Users\user\Desktop\New folder\BPMN Workflow Designer\Server\BpmnWorkflow.API\BpmnWorkflow.API.csproj]
C:\Program Files\dotnet\sdk\10.0.101\Microsoft.Common.CurrentVersion.targets(5080,5): warning MSB3026: Could not copy "C:\Users\user\Desktop\New folder\BPMN Workflow Designer\Server\BpmnWorkflow.Application\bin\Debug\net10.0\BpmnWorkflow.Application.dll" to "bin\Debug\net10.0\BpmnWorkflow.Application.dll". Beginning retry 8 in 1000ms. The process cannot access the file 'C:\Users\user\Desktop\New folder\BPMN Workflow Designer\Server\BpmnWorkflow.API\bin\Debug\net10.0\BpmnWorkflow.Application.dll' because it is being used by another process. The file is locked by: "BpmnWorkflow.API (132264)" [C:\Users\user\Desktop\New folder\BPMN Workflow Designer\Server\BpmnWorkflow.API\BpmnWorkflow.API.csproj]
C:\Program Files\dotnet\sdk\10.0.101\Microsoft.Common.CurrentVersion.targets(5080,5): warning MSB3026: Could not copy "C:\Users\user\Desktop\New folder\BPMN Workflow Designer\Server\BpmnWorkflow.Infrastructure\bin\Debug\net10.0\BpmnWorkflow.Infrastructure.dll" to "bin\Debug\net10.0\BpmnWorkflow.Infrastructure.dll". Beginning retry 9 in 1000ms. The process cannot access the file 'C:\Users\user\Desktop\New folder\BPMN Workflow Designer\Server\BpmnWorkflow.API\bin\Debug\net10.0\BpmnWorkflow.Infrastructure.dll' because it is being used by another process. The file is locked by: "BpmnWorkflow.API (132264)" [C:\Users\user\Desktop\New folder\BPMN Workflow Designer\Server\BpmnWorkflow.API\BpmnWorkflow.API.csproj]
C:\Program Files\dotnet\sdk\10.0.101\Microsoft.Common.CurrentVersion.targets(5080,5): warning MSB3026: Could not copy "C:\Users\user\Desktop\New folder\BPMN Workflow Designer\Client\BpmnWorkflow.Client\bin\Debug\net10.0\BpmnWorkflow.Client.dll" to "bin\Debug\net10.0\BpmnWorkflow.Client.dll". Beginning retry 9 in 1000ms. The process cannot access the file 'C:\Users\user\Desktop\New folder\BPMN Workflow Designer\Server\BpmnWorkflow.API\bin\Debug\net10.0\BpmnWorkflow.Client.dll' because it is being used by another process. The file is locked by: "BpmnWorkflow.API (132264)" [C:\Users\user\Desktop\New folder\BPMN Workflow Designer\Server\BpmnWorkflow.API\BpmnWorkflow.API.csproj]
C:\Program Files\dotnet\sdk\10.0.101\Microsoft.Common.CurrentVersion.targets(5080,5): warning MSB3026: Could not copy "C:\Users\user\Desktop\New folder\BPMN Workflow Designer\Server\BpmnWorkflow.Application\bin\Debug\net10.0\BpmnWorkflow.Application.dll" to "bin\Debug\net10.0\BpmnWorkflow.Application.dll". Beginning retry 9 in 1000ms. The process cannot access the file 'C:\Users\user\Desktop\New folder\BPMN Workflow Designer\Server\BpmnWorkflow.API\bin\Debug\net10.0\BpmnWorkflow.Application.dll' because it is being used by another process. The file is locked by: "BpmnWorkflow.API (132264)" [C:\Users\user\Desktop\New folder\BPMN Workflow Designer\Server\BpmnWorkflow.API\BpmnWorkflow.API.csproj]
C:\Program Files\dotnet\sdk\10.0.101\Microsoft.Common.CurrentVersion.targets(5080,5): warning MSB3026: Could not copy "C:\Users\user\Desktop\New folder\BPMN Workflow Designer\Server\BpmnWorkflow.Infrastructure\bin\Debug\net10.0\BpmnWorkflow.Infrastructure.dll" to "bin\Debug\net10.0\BpmnWorkflow.Infrastructure.dll". Beginning retry 10 in 1000ms. The process cannot access the file 'C:\Users\user\Desktop\New folder\BPMN Workflow Designer\Server\BpmnWorkflow.API\bin\Debug\net10.0\BpmnWorkflow.Infrastructure.dll' because it is being used by another process. The file is locked by: "BpmnWorkflow.API (132264)" [C:\Users\user\Desktop\New folder\BPMN Workflow Designer\Server\BpmnWorkflow.API\BpmnWorkflow.API.csproj]
C:\Program Files\dotnet\sdk\10.0.101\Microsoft.Common.CurrentVersion.targets(5080,5): warning MSB3026: Could not copy "C:\Users\user\Desktop\New folder\BPMN Workflow Designer\Client\BpmnWorkflow.Client\bin\Debug\net10.0\BpmnWorkflow.Client.dll" to "bin\Debug\net10.0\BpmnWorkflow.Client.dll". Beginning retry 10 in 1000ms. The process cannot access the file 'C:\Users\user\Desktop\New folder\BPMN Workflow Designer\Server\BpmnWorkflow.API\bin\Debug\net10.0\BpmnWorkflow.Client.dll' because it is being used by another process. The file is locked by: "BpmnWorkflow.API (132264)" [C:\Users\user\Desktop\New folder\BPMN Workflow Designer\Server\BpmnWorkflow.API\BpmnWorkflow.API.csproj]
C:\Program Files\dotnet\sdk\10.0.101\Microsoft.Common.CurrentVersion.targets(5080,5): warning MSB3026: Could not copy "C:\Users\user\Desktop\New folder\BPMN Workflow Designer\Server\BpmnWorkflow.Application\bin\Debug\net10.0\BpmnWorkflow.Application.dll" to "bin\Debug\net10.0\BpmnWorkflow.Application.dll". Beginning retry 10 in 1000ms. The process cannot access the file 'C:\Users\user\Desktop\New folder\BPMN Workflow Designer\Server\BpmnWorkflow.API\bin\Debug\net10.0\BpmnWorkflow.Application.dll' because it is being used by another process. The file is locked by: "BpmnWorkflow.API (132264)" [C:\Users\user\Desktop\New folder\BPMN Workflow Designer\Server\BpmnWorkflow.API\BpmnWorkflow.API.csproj]
C:\Program Files\dotnet\sdk\10.0.101\Microsoft.Common.CurrentVersion.targets(5080,5): error MSB3027: Could not copy "C:\Users\user\Desktop\New folder\BPMN Workflow Designer\Server\BpmnWorkflow.Infrastructure\bin\Debug\net10.0\BpmnWorkflow.Infrastructure.dll" to "bin\Debug\net10.0\BpmnWorkflow.Infrastructure.dll". Exceeded retry count of 10. Failed. The file is locked by: "BpmnWorkflow.API (132264)" [C:\Users\user\Desktop\New folder\BPMN Workflow Designer\Server\BpmnWorkflow.API\BpmnWorkflow.API.csproj]
C:\Program Files\dotnet\sdk\10.0.101\Microsoft.Common.CurrentVersion.targets(5080,5): error MSB3021: Unable to copy file "C:\Users\user\Desktop\New folder\BPMN Workflow Designer\Server\BpmnWorkflow.Infrastructure\bin\Debug\net10.0\BpmnWorkflow.Infrastructure.dll" to "bin\Debug\net10.0\BpmnWorkflow.Infrastructure.dll". The process cannot access the file 'C:\Users\user\Desktop\New folder\BPMN Workflow Designer\Server\BpmnWorkflow.API\bin\Debug\net10.0\BpmnWorkflow.Infrastructure.dll' because it is being used by another process. [C:\Users\user\Desktop\New folder\BPMN Workflow Designer\Server\BpmnWorkflow.API\BpmnWorkflow.API.csproj]
C:\Program Files\dotnet\sdk\10.0.101\Microsoft.Common.CurrentVersion.targets(5080,5): error MSB3027: Could not copy "C:\Users\user\Desktop\New folder\BPMN Workflow Designer\Client\BpmnWorkflow.Client\bin\Debug\net10.0\BpmnWorkflow.Client.dll" to "bin\Debug\net10.0\BpmnWorkflow.Client.dll". Exceeded retry count of 10. Failed. The file is locked by: "BpmnWorkflow.API (132264)" [C:\Users\user\Desktop\New folder\BPMN Workflow Designer\Server\BpmnWorkflow.API\BpmnWorkflow.API.csproj]
C:\Program Files\dotnet\sdk\10.0.101\Microsoft.Common.CurrentVersion.targets(5080,5): error MSB3021: Unable to copy file "C:\Users\user\Desktop\New folder\BPMN Workflow Designer\Client\BpmnWorkflow.Client\bin\Debug\net10.0\BpmnWorkflow.Client.dll" to "bin\Debug\net10.0\BpmnWorkflow.Client.dll". The process cannot access the file 'C:\Users\user\Desktop\New folder\BPMN Workflow Designer\Server\BpmnWorkflow.API\bin\Debug\net10.0\BpmnWorkflow.Client.dll' because it is being used by another process. [C:\Users\user\Desktop\New folder\BPMN Workflow Designer\Server\BpmnWorkflow.API\BpmnWorkflow.API.csproj]
C:\Program Files\dotnet\sdk\10.0.101\Microsoft.Common.CurrentVersion.targets(5080,5): error MSB3027: Could not copy "C:\Users\user\Desktop\New folder\BPMN Workflow Designer\Server\BpmnWorkflow.Application\bin\Debug\net10.0\BpmnWorkflow.Application.dll" to "bin\Debug\net10.0\BpmnWorkflow.Application.dll". Exceeded retry count of 10. Failed. The file is locked by: "BpmnWorkflow.API (132264)" [C:\Users\user\Desktop\New folder\BPMN Workflow Designer\Server\BpmnWorkflow.API\BpmnWorkflow.API.csproj]
C:\Program Files\dotnet\sdk\10.0.101\Microsoft.Common.CurrentVersion.targets(5080,5): error MSB3021: Unable to copy file "C:\Users\user\Desktop\New folder\BPMN Workflow Designer\Server\BpmnWorkflow.Application\bin\Debug\net10.0\BpmnWorkflow.Application.dll" to "bin\Debug\net10.0\BpmnWorkflow.Application.dll". The process cannot access the file 'C:\Users\user\Desktop\New folder\BPMN Workflow Designer\Server\BpmnWorkflow.API\bin\Debug\net10.0\BpmnWorkflow.Application.dll' because it is being used by another process. [C:\Users\user\Desktop\New folder\BPMN Workflow Designer\Server\BpmnWorkflow.API\BpmnWorkflow.API.csproj]
    30 Warning(s)
    6 Error(s)

Time Elapsed 00:00:43.04
