  Determining projects to restore...
  All projects are up-to-date for restore.
C:\Users\user\Desktop\New folder\BPMN Workflow Designer\Client\BpmnWorkflow.Client\App.razor(8,25): warning RZ10012: Found markup element with unexpected name 'RedirectToLogin'. If this is intended to be a component, add a @using directive for its namespace. [C:\Users\user\Desktop\New folder\BPMN Workflow Designer\Client\BpmnWorkflow.Client\BpmnWorkflow.Client.csproj]
C:\Users\user\Desktop\New folder\BPMN Workflow Designer\Client\BpmnWorkflow.Client\Components\Camunda\EnvironmentSelectionDialog.razor(12,57): error RZ9986: Component attributes do not support complex content (mixed C# and markup). Attribute: 'Style', text: 'cursor: pointer; selectedEnvironment?.Id == env.Id ? "border: 2px solid var(--rz-primary); background: var(--rz-primary-lighter);" : ""' [C:\Users\user\Desktop\New folder\BPMN Workflow Designer\Client\BpmnWorkflow.Client\BpmnWorkflow.Client.csproj]
C:\Users\user\Desktop\New folder\BPMN Workflow Designer\Client\BpmnWorkflow.Client\Pages\Workflows.razor(54,65): warning CS8618: Non-nullable field '_workflows' must contain a non-null value when exiting constructor. Consider adding the 'required' modifier or declaring the field as nullable. [C:\Users\user\Desktop\New folder\BPMN Workflow Designer\Client\BpmnWorkflow.Client\BpmnWorkflow.Client.csproj]
C:\Users\user\Desktop\New folder\BPMN Workflow Designer\Client\BpmnWorkflow.Client\Pages\Workflows.razor(55,68): warning CS8618: Non-nullable field '_grid' must contain a non-null value when exiting constructor. Consider adding the 'required' modifier or declaring the field as nullable. [C:\Users\user\Desktop\New folder\BPMN Workflow Designer\Client\BpmnWorkflow.Client\BpmnWorkflow.Client.csproj]
C:\Users\user\Desktop\New folder\BPMN Workflow Designer\Client\BpmnWorkflow.Client\Models\AnalyticsDtos.cs(18,23): warning CS8618: Non-nullable property 'Date' must contain a non-null value when exiting constructor. Consider adding the 'required' modifier or declaring the property as nullable. [C:\Users\user\Desktop\New folder\BPMN Workflow Designer\Client\BpmnWorkflow.Client\BpmnWorkflow.Client.csproj]
C:\Users\user\Desktop\New folder\BPMN Workflow Designer\Client\BpmnWorkflow.Client\Models\AnalyticsDtos.cs(24,23): warning CS8618: Non-nullable property 'UserName' must contain a non-null value when exiting constructor. Consider adding the 'required' modifier or declaring the property as nullable. [C:\Users\user\Desktop\New folder\BPMN Workflow Designer\Client\BpmnWorkflow.Client\BpmnWorkflow.Client.csproj]
C:\Users\user\Desktop\New folder\BPMN Workflow Designer\Client\BpmnWorkflow.Client\Components\Camunda\StartProcessDialog.razor(93,26): warning CS0168: The variable 'ex' is declared but never used [C:\Users\user\Desktop\New folder\BPMN Workflow Designer\Client\BpmnWorkflow.Client\BpmnWorkflow.Client.csproj]
C:\Users\user\Desktop\New folder\BPMN Workflow Designer\Client\BpmnWorkflow.Client\Services\PowerPointExportService.cs(68,49): warning CS8600: Converting null literal or possible null value to non-nullable type. [C:\Users\user\Desktop\New folder\BPMN Workflow Designer\Client\BpmnWorkflow.Client\BpmnWorkflow.Client.csproj]
C:\Users\user\Desktop\New folder\BPMN Workflow Designer\Client\BpmnWorkflow.Client\Services\PowerPointExportService.cs(69,35): warning CS8602: Dereference of a possibly null reference. [C:\Users\user\Desktop\New folder\BPMN Workflow Designer\Client\BpmnWorkflow.Client\BpmnWorkflow.Client.csproj]
C:\Users\user\Desktop\New folder\BPMN Workflow Designer\Client\BpmnWorkflow.Client\Services\PowerPointExportService.cs(99,18): warning CS8602: Dereference of a possibly null reference. [C:\Users\user\Desktop\New folder\BPMN Workflow Designer\Client\BpmnWorkflow.Client\BpmnWorkflow.Client.csproj]
C:\Users\user\Desktop\New folder\BPMN Workflow Designer\Client\BpmnWorkflow.Client\Services\PowerPointExportService.cs(99,18): warning CS8602: Dereference of a possibly null reference. [C:\Users\user\Desktop\New folder\BPMN Workflow Designer\Client\BpmnWorkflow.Client\BpmnWorkflow.Client.csproj]
C:\Users\user\Desktop\New folder\BPMN Workflow Designer\Client\BpmnWorkflow.Client\Services\PowerPointExportService.cs(107,39): warning CS8600: Converting null literal or possible null value to non-nullable type. [C:\Users\user\Desktop\New folder\BPMN Workflow Designer\Client\BpmnWorkflow.Client\BpmnWorkflow.Client.csproj]
C:\Users\user\Desktop\New folder\BPMN Workflow Designer\Client\BpmnWorkflow.Client\Services\PowerPointExportService.cs(111,25): warning CS8604: Possible null reference argument for parameter 'value' in 'UInt32Value.implicit operator uint(UInt32Value value)'. [C:\Users\user\Desktop\New folder\BPMN Workflow Designer\Client\BpmnWorkflow.Client\BpmnWorkflow.Client.csproj]
C:\Users\user\Desktop\New folder\BPMN Workflow Designer\Client\BpmnWorkflow.Client\Services\PowerPointExportService.cs(113,13): warning CS8602: Dereference of a possibly null reference. [C:\Users\user\Desktop\New folder\BPMN Workflow Designer\Client\BpmnWorkflow.Client\BpmnWorkflow.Client.csproj]
C:\Users\user\Desktop\New folder\BPMN Workflow Designer\Client\BpmnWorkflow.Client\Services\IBpmnInteropService.cs(70,23): warning CS8618: Non-nullable property 'Id' must contain a non-null value when exiting constructor. Consider adding the 'required' modifier or declaring the property as nullable. [C:\Users\user\Desktop\New folder\BPMN Workflow Designer\Client\BpmnWorkflow.Client\BpmnWorkflow.Client.csproj]
C:\Users\user\Desktop\New folder\BPMN Workflow Designer\Client\BpmnWorkflow.Client\Services\IBpmnInteropService.cs(71,23): warning CS8618: Non-nullable property 'Type' must contain a non-null value when exiting constructor. Consider adding the 'required' modifier or declaring the property as nullable. [C:\Users\user\Desktop\New folder\BPMN Workflow Designer\Client\BpmnWorkflow.Client\BpmnWorkflow.Client.csproj]
C:\Users\user\Desktop\New folder\BPMN Workflow Designer\Client\BpmnWorkflow.Client\Services\IBpmnInteropService.cs(72,23): warning CS8618: Non-nullable property 'Name' must contain a non-null value when exiting constructor. Consider adding the 'required' modifier or declaring the property as nullable. [C:\Users\user\Desktop\New folder\BPMN Workflow Designer\Client\BpmnWorkflow.Client\BpmnWorkflow.Client.csproj]
C:\Users\user\Desktop\New folder\BPMN Workflow Designer\Client\BpmnWorkflow.Client\Services\IBpmnInteropService.cs(73,23): warning CS8618: Non-nullable property 'Documentation' must contain a non-null value when exiting constructor. Consider adding the 'required' modifier or declaring the property as nullable. [C:\Users\user\Desktop\New folder\BPMN Workflow Designer\Client\BpmnWorkflow.Client\BpmnWorkflow.Client.csproj]
C:\Users\user\Desktop\New folder\BPMN Workflow Designer\Client\BpmnWorkflow.Client\Services\IBpmnInteropService.cs(74,23): warning CS8618: Non-nullable property 'Condition' must contain a non-null value when exiting constructor. Consider adding the 'required' modifier or declaring the property as nullable. [C:\Users\user\Desktop\New folder\BPMN Workflow Designer\Client\BpmnWorkflow.Client\BpmnWorkflow.Client.csproj]
C:\Users\user\Desktop\New folder\BPMN Workflow Designer\Client\BpmnWorkflow.Client\Services\IBpmnInteropService.cs(75,23): warning CS8618: Non-nullable property 'Color' must contain a non-null value when exiting constructor. Consider adding the 'required' modifier or declaring the property as nullable. [C:\Users\user\Desktop\New folder\BPMN Workflow Designer\Client\BpmnWorkflow.Client\BpmnWorkflow.Client.csproj]
C:\Users\user\Desktop\New folder\BPMN Workflow Designer\Client\BpmnWorkflow.Client\Services\IBpmnInteropService.cs(76,23): warning CS8618: Non-nullable property 'BackgroundColor' must contain a non-null value when exiting constructor. Consider adding the 'required' modifier or declaring the property as nullable. [C:\Users\user\Desktop\New folder\BPMN Workflow Designer\Client\BpmnWorkflow.Client\BpmnWorkflow.Client.csproj]
C:\Users\user\Desktop\New folder\BPMN Workflow Designer\Client\BpmnWorkflow.Client\Pages\Camunda\CamundaEnvironments.razor(129,26): warning CS0168: The variable 'ex' is declared but never used [C:\Users\user\Desktop\New folder\BPMN Workflow Designer\Client\BpmnWorkflow.Client\BpmnWorkflow.Client.csproj]
C:\Users\user\Desktop\New folder\BPMN Workflow Designer\Client\BpmnWorkflow.Client\Pages\WorkflowEditor.razor(240,112): warning CS8604: Possible null reference argument for parameter 'value' in 'Task WorkflowEditor.UpdateProperty(string key, string value)'. [C:\Users\user\Desktop\New folder\BPMN Workflow Designer\Client\BpmnWorkflow.Client\BpmnWorkflow.Client.csproj]
C:\Users\user\Desktop\New folder\BPMN Workflow Designer\Client\BpmnWorkflow.Client\Pages\WorkflowEditor.razor(1247,85): warning CS8604: Possible null reference argument for parameter 'versionXml' in 'Task WorkflowEditor.CompareWithVersion(string versionXml, DialogService ds)'. [C:\Users\user\Desktop\New folder\BPMN Workflow Designer\Client\BpmnWorkflow.Client\BpmnWorkflow.Client.csproj]
C:\Users\user\Desktop\New folder\BPMN Workflow Designer\Client\BpmnWorkflow.Client\Pages\WorkflowEditor.razor(1271,50): warning CS8604: Possible null reference argument for parameter 'xml' in 'Task<bool> IBpmnInteropService.ImportXmlAsync(string xml)'. [C:\Users\user\Desktop\New folder\BPMN Workflow Designer\Client\BpmnWorkflow.Client\BpmnWorkflow.Client.csproj]

Build FAILED.

C:\Users\user\Desktop\New folder\BPMN Workflow Designer\Client\BpmnWorkflow.Client\App.razor(8,25): warning RZ10012: Found markup element with unexpected name 'RedirectToLogin'. If this is intended to be a component, add a @using directive for its namespace. [C:\Users\user\Desktop\New folder\BPMN Workflow Designer\Client\BpmnWorkflow.Client\BpmnWorkflow.Client.csproj]
C:\Users\user\Desktop\New folder\BPMN Workflow Designer\Client\BpmnWorkflow.Client\Pages\Workflows.razor(54,65): warning CS8618: Non-nullable field '_workflows' must contain a non-null value when exiting constructor. Consider adding the 'required' modifier or declaring the field as nullable. [C:\Users\user\Desktop\New folder\BPMN Workflow Designer\Client\BpmnWorkflow.Client\BpmnWorkflow.Client.csproj]
C:\Users\user\Desktop\New folder\BPMN Workflow Designer\Client\BpmnWorkflow.Client\Pages\Workflows.razor(55,68): warning CS8618: Non-nullable field '_grid' must contain a non-null value when exiting constructor. Consider adding the 'required' modifier or declaring the field as nullable. [C:\Users\user\Desktop\New folder\BPMN Workflow Designer\Client\BpmnWorkflow.Client\BpmnWorkflow.Client.csproj]
C:\Users\user\Desktop\New folder\BPMN Workflow Designer\Client\BpmnWorkflow.Client\Models\AnalyticsDtos.cs(18,23): warning CS8618: Non-nullable property 'Date' must contain a non-null value when exiting constructor. Consider adding the 'required' modifier or declaring the property as nullable. [C:\Users\user\Desktop\New folder\BPMN Workflow Designer\Client\BpmnWorkflow.Client\BpmnWorkflow.Client.csproj]
C:\Users\user\Desktop\New folder\BPMN Workflow Designer\Client\BpmnWorkflow.Client\Models\AnalyticsDtos.cs(24,23): warning CS8618: Non-nullable property 'UserName' must contain a non-null value when exiting constructor. Consider adding the 'required' modifier or declaring the property as nullable. [C:\Users\user\Desktop\New folder\BPMN Workflow Designer\Client\BpmnWorkflow.Client\BpmnWorkflow.Client.csproj]
C:\Users\user\Desktop\New folder\BPMN Workflow Designer\Client\BpmnWorkflow.Client\Components\Camunda\StartProcessDialog.razor(93,26): warning CS0168: The variable 'ex' is declared but never used [C:\Users\user\Desktop\New folder\BPMN Workflow Designer\Client\BpmnWorkflow.Client\BpmnWorkflow.Client.csproj]
C:\Users\user\Desktop\New folder\BPMN Workflow Designer\Client\BpmnWorkflow.Client\Services\PowerPointExportService.cs(68,49): warning CS8600: Converting null literal or possible null value to non-nullable type. [C:\Users\user\Desktop\New folder\BPMN Workflow Designer\Client\BpmnWorkflow.Client\BpmnWorkflow.Client.csproj]
C:\Users\user\Desktop\New folder\BPMN Workflow Designer\Client\BpmnWorkflow.Client\Services\PowerPointExportService.cs(69,35): warning CS8602: Dereference of a possibly null reference. [C:\Users\user\Desktop\New folder\BPMN Workflow Designer\Client\BpmnWorkflow.Client\BpmnWorkflow.Client.csproj]
C:\Users\user\Desktop\New folder\BPMN Workflow Designer\Client\BpmnWorkflow.Client\Services\PowerPointExportService.cs(99,18): warning CS8602: Dereference of a possibly null reference. [C:\Users\user\Desktop\New folder\BPMN Workflow Designer\Client\BpmnWorkflow.Client\BpmnWorkflow.Client.csproj]
C:\Users\user\Desktop\New folder\BPMN Workflow Designer\Client\BpmnWorkflow.Client\Services\PowerPointExportService.cs(99,18): warning CS8602: Dereference of a possibly null reference. [C:\Users\user\Desktop\New folder\BPMN Workflow Designer\Client\BpmnWorkflow.Client\BpmnWorkflow.Client.csproj]
C:\Users\user\Desktop\New folder\BPMN Workflow Designer\Client\BpmnWorkflow.Client\Services\PowerPointExportService.cs(107,39): warning CS8600: Converting null literal or possible null value to non-nullable type. [C:\Users\user\Desktop\New folder\BPMN Workflow Designer\Client\BpmnWorkflow.Client\BpmnWorkflow.Client.csproj]
C:\Users\user\Desktop\New folder\BPMN Workflow Designer\Client\BpmnWorkflow.Client\Services\PowerPointExportService.cs(111,25): warning CS8604: Possible null reference argument for parameter 'value' in 'UInt32Value.implicit operator uint(UInt32Value value)'. [C:\Users\user\Desktop\New folder\BPMN Workflow Designer\Client\BpmnWorkflow.Client\BpmnWorkflow.Client.csproj]
C:\Users\user\Desktop\New folder\BPMN Workflow Designer\Client\BpmnWorkflow.Client\Services\PowerPointExportService.cs(113,13): warning CS8602: Dereference of a possibly null reference. [C:\Users\user\Desktop\New folder\BPMN Workflow Designer\Client\BpmnWorkflow.Client\BpmnWorkflow.Client.csproj]
C:\Users\user\Desktop\New folder\BPMN Workflow Designer\Client\BpmnWorkflow.Client\Services\IBpmnInteropService.cs(70,23): warning CS8618: Non-nullable property 'Id' must contain a non-null value when exiting constructor. Consider adding the 'required' modifier or declaring the property as nullable. [C:\Users\user\Desktop\New folder\BPMN Workflow Designer\Client\BpmnWorkflow.Client\BpmnWorkflow.Client.csproj]
C:\Users\user\Desktop\New folder\BPMN Workflow Designer\Client\BpmnWorkflow.Client\Services\IBpmnInteropService.cs(71,23): warning CS8618: Non-nullable property 'Type' must contain a non-null value when exiting constructor. Consider adding the 'required' modifier or declaring the property as nullable. [C:\Users\user\Desktop\New folder\BPMN Workflow Designer\Client\BpmnWorkflow.Client\BpmnWorkflow.Client.csproj]
C:\Users\user\Desktop\New folder\BPMN Workflow Designer\Client\BpmnWorkflow.Client\Services\IBpmnInteropService.cs(72,23): warning CS8618: Non-nullable property 'Name' must contain a non-null value when exiting constructor. Consider adding the 'required' modifier or declaring the property as nullable. [C:\Users\user\Desktop\New folder\BPMN Workflow Designer\Client\BpmnWorkflow.Client\BpmnWorkflow.Client.csproj]
C:\Users\user\Desktop\New folder\BPMN Workflow Designer\Client\BpmnWorkflow.Client\Services\IBpmnInteropService.cs(73,23): warning CS8618: Non-nullable property 'Documentation' must contain a non-null value when exiting constructor. Consider adding the 'required' modifier or declaring the property as nullable. [C:\Users\user\Desktop\New folder\BPMN Workflow Designer\Client\BpmnWorkflow.Client\BpmnWorkflow.Client.csproj]
C:\Users\user\Desktop\New folder\BPMN Workflow Designer\Client\BpmnWorkflow.Client\Services\IBpmnInteropService.cs(74,23): warning CS8618: Non-nullable property 'Condition' must contain a non-null value when exiting constructor. Consider adding the 'required' modifier or declaring the property as nullable. [C:\Users\user\Desktop\New folder\BPMN Workflow Designer\Client\BpmnWorkflow.Client\BpmnWorkflow.Client.csproj]
C:\Users\user\Desktop\New folder\BPMN Workflow Designer\Client\BpmnWorkflow.Client\Services\IBpmnInteropService.cs(75,23): warning CS8618: Non-nullable property 'Color' must contain a non-null value when exiting constructor. Consider adding the 'required' modifier or declaring the property as nullable. [C:\Users\user\Desktop\New folder\BPMN Workflow Designer\Client\BpmnWorkflow.Client\BpmnWorkflow.Client.csproj]
C:\Users\user\Desktop\New folder\BPMN Workflow Designer\Client\BpmnWorkflow.Client\Services\IBpmnInteropService.cs(76,23): warning CS8618: Non-nullable property 'BackgroundColor' must contain a non-null value when exiting constructor. Consider adding the 'required' modifier or declaring the property as nullable. [C:\Users\user\Desktop\New folder\BPMN Workflow Designer\Client\BpmnWorkflow.Client\BpmnWorkflow.Client.csproj]
C:\Users\user\Desktop\New folder\BPMN Workflow Designer\Client\BpmnWorkflow.Client\Pages\Camunda\CamundaEnvironments.razor(129,26): warning CS0168: The variable 'ex' is declared but never used [C:\Users\user\Desktop\New folder\BPMN Workflow Designer\Client\BpmnWorkflow.Client\BpmnWorkflow.Client.csproj]
C:\Users\user\Desktop\New folder\BPMN Workflow Designer\Client\BpmnWorkflow.Client\Pages\WorkflowEditor.razor(240,112): warning CS8604: Possible null reference argument for parameter 'value' in 'Task WorkflowEditor.UpdateProperty(string key, string value)'. [C:\Users\user\Desktop\New folder\BPMN Workflow Designer\Client\BpmnWorkflow.Client\BpmnWorkflow.Client.csproj]
C:\Users\user\Desktop\New folder\BPMN Workflow Designer\Client\BpmnWorkflow.Client\Pages\WorkflowEditor.razor(1247,85): warning CS8604: Possible null reference argument for parameter 'versionXml' in 'Task WorkflowEditor.CompareWithVersion(string versionXml, DialogService ds)'. [C:\Users\user\Desktop\New folder\BPMN Workflow Designer\Client\BpmnWorkflow.Client\BpmnWorkflow.Client.csproj]
C:\Users\user\Desktop\New folder\BPMN Workflow Designer\Client\BpmnWorkflow.Client\Pages\WorkflowEditor.razor(1271,50): warning CS8604: Possible null reference argument for parameter 'xml' in 'Task<bool> IBpmnInteropService.ImportXmlAsync(string xml)'. [C:\Users\user\Desktop\New folder\BPMN Workflow Designer\Client\BpmnWorkflow.Client\BpmnWorkflow.Client.csproj]
C:\Users\user\Desktop\New folder\BPMN Workflow Designer\Client\BpmnWorkflow.Client\Components\Camunda\EnvironmentSelectionDialog.razor(12,57): error RZ9986: Component attributes do not support complex content (mixed C# and markup). Attribute: 'Style', text: 'cursor: pointer; selectedEnvironment?.Id == env.Id ? "border: 2px solid var(--rz-primary); background: var(--rz-primary-lighter);" : ""' [C:\Users\user\Desktop\New folder\BPMN Workflow Designer\Client\BpmnWorkflow.Client\BpmnWorkflow.Client.csproj]
    24 Warning(s)
    1 Error(s)

Time Elapsed 00:00:05.87
